Microchip MPLAB XC8 Compiler V2.32

Linker command line:

-W-3 --edf=C:\Program Files\Microchip\xc8\v2.32\pic\dat\en_msgs.txt -cn \
  -h+dist/default/production\Proyecto2_ED2.production.sym \
  --cmf=dist/default/production\Proyecto2_ED2.production.cmf -z -Q16F887 \
  -oC:\Users\ANDYBO~1\AppData\Local\Temp\xcAshhc.4 --defsym=__MPLAB_BUILD=1 \
  -Mdist/default/production/Proyecto2_ED2.production.map -E1 \
  -ver=XC8 Compiler --acfsm=1493 -ASTACK=0110h-016Fh -pstack=STACK \
  -ACODE=00h-07FFhx4 -ASTRCODE=00h-01FFFh -ASTRING=00h-0FFhx32 \
  -ACONST=00h-0FFhx32 -AENTRY=00h-0FFhx32 -ACOMMON=070h-07Fh \
  -ABANK0=020h-06Fh -ABANK1=0A0h-0EFh -ABANK2=0110h-016Fh \
  -ABANK3=0190h-01EFh -ARAM=020h-06Fh,0A0h-0EFh,0110h-016Fh,0190h-01EFh \
  -AABS1=020h-07Fh,0A0h-0EFh,0110h-016Fh,0190h-01EFh -ASFR0=00h-01Fh \
  -ASFR1=080h-09Fh -ASFR2=0100h-010Fh -ASFR3=0180h-018Fh \
  -ACONFIG=02007h-02008h -DCONFIG=2 -AIDLOC=02000h-02003h -DIDLOC=2 \
  -AEEDATA=00h-0FFh/02100h -peeprom_data=EEDATA -DEEDATA=2 -DCODE=2 \
  -DSTRCODE=2 -DSTRING=2 -DCONST=2 -DENTRY=2 \
  -preset_vec=00h,intentry=04h,init,end_init -ppowerup=CODE -pcinit=CODE \
  -pfunctab=ENTRY -k C:\Users\ANDYBO~1\AppData\Local\Temp\xcAshhc.o \
  dist/default/production\Proyecto2_ED2.production.o 

Object code version is 3.11

Machine type is 16F887



                Name                               Link     Load   Length Selector   Space Scale
C:\Users\ANDYBO~1\AppData\Local\Temp\xcAshhc.o
                end_init                              E        E        3        8       0
                reset_vec                             0        0        3        0       0
                config                             2007     2007        2        0       4
dist/default/production\Proyecto2_ED2.production.o
                cinit                                11       11       17        8       0
                intentry                              4        4        A        8       0
                config                             2007     2007        2        0       4
                text6                               103      103       5F        8       0
                text5                                9D       9D       66        8       0
                text4                                28       28       75        8       0
                text3                               1A0      1A0       39        8       0
                text2                               1D9      1D9       16        8       0
                text1                               162      162       3E        8       0
                maintext                            1EF      1EF        E        8       0
                cstackBANK0                          2A       2A        3       20       1
                cstackCOMMON                         77       77        7       70       1
                bssBANK0                             20       20        A       20       1
                bssCOMMON                            70       70        7       70       1

TOTAL           Name                               Link     Load   Length     Space
        CLASS   STACK          

        CLASS   CODE           
                end_init                              E        E        3         0
                cinit                                11       11       17         0
                intentry                              4        4        A         0
                reset_vec                             0        0        3         0
                text6                               103      103       5F         0
                text5                                9D       9D       66         0
                text4                                28       28       75         0
                text3                               1A0      1A0       39         0
                text2                               1D9      1D9       16         0
                text1                               162      162       3E         0
                maintext                            1EF      1EF        E         0

        CLASS   STRCODE        

        CLASS   STRING         

        CLASS   CONST          

        CLASS   ENTRY          

        CLASS   COMMON         
                cstackCOMMON                         77       77        7         1
                bssCOMMON                            70       70        7         1

        CLASS   BANK0          
                cstackBANK0                          2A       2A        3         1
                bssBANK0                             20       20        A         1

        CLASS   BANK1          

        CLASS   BANK2          

        CLASS   BANK3          

        CLASS   RAM            

        CLASS   ABS1           
                abs_s1                               7E       7E        2         1

        CLASS   SFR0           

        CLASS   SFR1           

        CLASS   SFR2           

        CLASS   SFR3           

        CLASS   CONFIG         
                config                             2007     2007        2         4

        CLASS   IDLOC          

        CLASS   EEDATA         



SEGMENTS        Name                           Load    Length   Top    Selector   Space  Class     Delta

                reset_vec                      000000  000003  000003         0       0  CODE        2
                intentry                       000004  0001F9  0001FD         8       0  CODE        2
                bssBANK0                       000020  00000D  00002D        20       1  BANK0       1
                bssCOMMON                      000070  00000E  00007E        70       1  COMMON      1


UNUSED ADDRESS RANGES

        Name                Unused          Largest block    Delta
        BANK0            002D-006F             43           1
        BANK1            00A0-00EF             50           1
        BANK2            0110-016F             60           1
        BANK3            0190-01EF             60           1
        CODE             0003-0003              1           2
                         01FD-1FFF            800
        CONST            0003-0003              1           2
                         01FD-1FFF            100
        EEDATA           2100-21FF            100           2
        ENTRY            0003-0003              1           2
                         01FD-1FFF            100
        IDLOC            2000-2003              4           2
        RAM              002D-006F             43           1
                         00A0-00EF             50
                         0110-016F             60
                         0190-01EF             60
        SFR0             0000-001F             20           1
        SFR1             0080-009F             20           1
        SFR2             0100-010F             10           1
        SFR3             0180-018F             10           1
        STACK            0110-016F             60           1
        STRCODE          0003-0003              1           2
                         01FD-1FFF           1E03
        STRING           0003-0003              1           2
                         01FD-1FFF            100

                                  Symbol Table

_ANSEL                   (abs)        0188
_ANSELH                  (abs)        0189
_BAUDCTLbits             (abs)        0187
_INTCONbits              (abs)        000B
_IOCBbits                (abs)        0096
_OPTION_REGbits          (abs)        0081
_OSCCONbits              (abs)        008F
_PIE1bits                (abs)        008C
_PIR1bits                (abs)        000C
_PORTA                   (abs)        0005
_PORTB                   (abs)        0006
_PORTBbits               (abs)        0006
_PORTD                   (abs)        0008
_RCSTAbits               (abs)        0018
_SPBRG                   (abs)        0099
_SPBRGH                  (abs)        009A
_TRISA                   (abs)        0085
_TRISBbits               (abs)        0086
_TRISD                   (abs)        0088
_TXREG                   (abs)        0019
_TXSTAbits               (abs)        0098
_WPUBbits                (abs)        0095
__Habs1                  abs1         0000
__Hbank0                 bank0        0000
__Hbank1                 bank1        0000
__Hbank2                 bank2        0000
__Hbank3                 bank3        0000
__HbssBANK0              bssBANK0     0000
__HbssCOMMON             bssCOMMON    0000
__Hcinit                 cinit        0028
__Hclrtext               clrtext      0000
__Hcode                  code         0000
__Hcommon                common       0000
__Hconfig                config       2009
__HcstackBANK0           cstackBANK0  0000
__HcstackCOMMON          cstackCOMMON 0000
__Heeprom_data           eeprom_data  0000
__Hend_init              end_init     0011
__Hfunctab               functab      0000
__Hinit                  init         000E
__Hintentry              intentry     000E
__Hmaintext              maintext     0000
__Hpowerup               powerup      0000
__Hram                   ram          0000
__Hreset_vec             reset_vec    0003
__Hsfr0                  sfr0         0000
__Hsfr1                  sfr1         0000
__Hsfr2                  sfr2         0000
__Hsfr3                  sfr3         0000
__Hspace_0               (abs)        01FD
__Hspace_1               (abs)        007E
__Hspace_2               (abs)        0000
__Hspace_3               (abs)        0000
__Hspace_4               (abs)        4010
__Hstack                 stack        0000
__Hstrings               strings      0000
__Htext                  text         0000
__Labs1                  abs1         0000
__Lbank0                 bank0        0000
__Lbank1                 bank1        0000
__Lbank2                 bank2        0000
__Lbank3                 bank3        0000
__LbssBANK0              bssBANK0     0000
__LbssCOMMON             bssCOMMON    0000
__Lcinit                 cinit        0011
__Lclrtext               clrtext      0000
__Lcode                  code         0000
__Lcommon                common       0000
__Lconfig                config       0000
__LcstackBANK0           cstackBANK0  0000
__LcstackCOMMON          cstackCOMMON 0000
__Leeprom_data           eeprom_data  0000
__Lend_init              end_init     000E
__Lfunctab               functab      0000
__Linit                  init         000E
__Lintentry              intentry     0004
__Lmaintext              maintext     0000
__Lpowerup               powerup      0000
__Lram                   ram          0000
__Lreset_vec             reset_vec    0000
__Lsfr0                  sfr0         0000
__Lsfr1                  sfr1         0000
__Lsfr2                  sfr2         0000
__Lsfr3                  sfr3         0000
__Lspace_0               (abs)        0000
__Lspace_1               (abs)        0000
__Lspace_2               (abs)        0000
__Lspace_3               (abs)        0000
__Lspace_4               (abs)        0000
__Lstack                 stack        0000
__Lstrings               strings      0000
__Ltext                  text         0000
__S0                     (abs)        01FD
__S1                     (abs)        007E
__S2                     (abs)        0000
__S3                     (abs)        0000
___int_sp                stack        0000
___latbits               (abs)        0002
___sp                    stack        0000
___stackhi               (abs)        0000
___stacklo               (abs)        0000
__end_of__initialization cinit        0024
__end_of_botonazos       text4        009D
__end_of_isr             text5        0103
__end_of_main            maintext     01FD
__end_of_mandar_datos    text6        0162
__end_of_osc_config      text3        01D9
__end_of_setup           text1        01A0
__end_of_uart_config     text2        01EF
__initialization         cinit        0011
__pbssBANK0              bssBANK0     0020
__pbssCOMMON             bssCOMMON    0070
__pcstackBANK0           cstackBANK0  002A
__pcstackCOMMON          cstackCOMMON 0077
__pintentry              intentry     0004
__pmaintext              maintext     01EF
__ptext1                 text1        0162
__ptext2                 text2        01D9
__ptext3                 text3        01A0
__ptext4                 text4        0028
__ptext5                 text5        009D
__ptext6                 text6        0103
__size_of_botonazos      (abs)        0000
__size_of_isr            (abs)        0000
__size_of_main           (abs)        0000
__size_of_mandar_datos   (abs)        0000
__size_of_osc_config     (abs)        0000
__size_of_setup          (abs)        0000
__size_of_uart_config    (abs)        0000
_antirrebote0            bssCOMMON    0076
_antirrebote1            bssCOMMON    0075
_antirrebote2            bssCOMMON    0074
_antirrebote3            bssCOMMON    0073
_antirrebote4            bssCOMMON    0072
_antirrebote5            bssCOMMON    0071
_antirrebote6            bssBANK0     0029
_antirrebote7            bssBANK0     0028
_botonazos               text4        0028
_cuenta_uart             bssBANK0     0020
_derJ1                   bssBANK0     0026
_derJ2                   bssBANK0     0022
_downJ1                  bssBANK0     0024
_downJ2                  bssCOMMON    0070
_isr                     text5        009D
_izqJ1                   bssBANK0     0027
_izqJ2                   bssBANK0     0023
_main                    maintext     01EF
_mandar_datos            text6        0103
_osc_config              text3        01A0
_setup                   text1        0162
_uart_config             text2        01D9
_upJ1                    bssBANK0     0025
_upJ2                    bssBANK0     0021
btemp                    (abs)        007E
end_of_initialization    cinit        0024
interrupt_function       intentry     0004
intlevel0                functab      0000
intlevel1                functab      0000
intlevel2                functab      0000
intlevel3                functab      0000
intlevel4                functab      0000
intlevel5                functab      0000
osc_config@freq          cstackBANK0  002C
reset_vec                reset_vec    0000
saved_w                  (abs)        007E
start                    init         000E
start_initialization     cinit        0011
wtemp0                   (abs)        007E


MODULE INFORMATION

Module		Function		Class		Link	Load	Size
C:/Users/Andy Bonilla/Documents/GitHub/ED2/Proyecto2_ED2/UART_CONFIG.c
		_uart_config   		CODE           	01D9	0000	22

C:/Users/Andy Bonilla/Documents/GitHub/ED2/Proyecto2_ED2/UART_CONFIG.c estimated size: 22

shared
		__initialization		CODE           	0011	0000	19

shared estimated size: 19

C:/Users/Andy Bonilla/Documents/GitHub/ED2/Proyecto2_ED2/main_pic.c
		_botonazos     		CODE           	0028	0000	117
		_main          		CODE           	01EF	0000	14
		_isr           		CODE           	009D	0000	102
		_setup         		CODE           	0162	0000	62
		_mandar_datos  		CODE           	0103	0000	95

C:/Users/Andy Bonilla/Documents/GitHub/ED2/Proyecto2_ED2/main_pic.c estimated size: 390

C:/Users/Andy Bonilla/Documents/GitHub/ED2/Proyecto2_ED2/Osc_config.c
		_osc_config    		CODE           	01A0	0000	57

C:/Users/Andy Bonilla/Documents/GitHub/ED2/Proyecto2_ED2/Osc_config.c estimated size: 57

